# Map file created from QGIS project file D:/open-source/data/map/dh84.qgs
# Edit this file to customize for your map interface
# (Created with PyQgis MapServer Export plugin)
MAP
  NAME "QGIS-MAP"
  # Map image size
  SIZE 256 256
  UNITS meters

  EXTENT 103.039079 25.570049 103.177002 25.633774
  FONTSET './fonts/fonts.txt'
  SYMBOLSET './symbols/symbols.txt'
  PROJECTION
    'proj=longlat'
    'datum=WGS84'
    'no_defs'
  END

  # Background color for the map canvas -- change as desired
  IMAGECOLOR 255 255 255
  IMAGEQUALITY 95
  IMAGETYPE png

  OUTPUTFORMAT
    NAME png
    DRIVER 'GD/PNG'
    MIMETYPE 'image/png'
    IMAGEMODE RGBA
    EXTENSION 'png'
  END
  # Legend
  LEGEND
      IMAGECOLOR 255 255 255
    STATUS ON
    KEYSIZE 18 12
    LABEL
      TYPE BITMAP
      SIZE MEDIUM
      COLOR 0 0 89
    END
  END

  # Web interface definition. Only the template parameter
  # is required to display a map. See MapServer documentation
  WEB
    # Set IMAGEPATH to the path where MapServer should
    # write its output.
    IMAGEPATH '/tmp/'

    # Set IMAGEURL to the url that points to IMAGEPATH
    # as defined in your web server configuration
    IMAGEURL '/tmp/'

    # WMS server settings
    METADATA
      'ows_title'           'QGIS-MAP'
      'ows_onlineresource'  'http://my.host.com/cgi-bin/mapserv.exe?map=D:/open-source/data/qsh/qsh2.map'
      'ows_srs'             'EPSG:4326'
    END

    #Scale range at which web interface will operate
    # Template and header/footer settings
    # Only the template parameter is required to display a map. See MapServer documentation
    TEMPLATE 'fooOnlyForWMSGetFeatureInfo'
  END

  LAYER
    NAME 'quanguo'
    TYPE POLYGON
    DUMP true
    TEMPLATE fooOnlyForWMSGetFeatureInfo
  EXTENT 103.039079 25.570049 103.177002 25.633774
    DATA '../qsh/quanguo.shp'
    METADATA
      'ows_title' 'quanguo'
    END
    STATUS OFF
    TRANSPARENCY 100
    PROJECTION
    'proj=longlat'
    'datum=WGS84'
    'no_defs'
    END
    CLASS
       NAME 'quanguo' 
       STYLE
         WIDTH 0.91 
         OUTLINECOLOR 0 0 0
         COLOR 113 93 131
       END
    END
  END

  LAYER
    NAME 'big_water_area'
    TYPE POLYGON
    DUMP true
    TEMPLATE fooOnlyForWMSGetFeatureInfo
  EXTENT 103.039079 25.570049 103.177002 25.633774
    DATA '../qsh/big_water_area.shp'
    METADATA
      'ows_title' 'big_water_area'
    END
    STATUS OFF
    TRANSPARENCY 100
    PROJECTION
    'proj=longlat'
    'datum=WGS84'
    'no_defs'
    END
    CLASS
       NAME 'big_water_area' 
       STYLE
         WIDTH 0.91 
         OUTLINECOLOR 0 0 0
         COLOR 112 181 15
       END
    END
  END

  LAYER
    NAME 'qsh_grid'
    TYPE POLYGON
    DUMP true
    TEMPLATE fooOnlyForWMSGetFeatureInfo
  EXTENT 103.039079 25.570049 103.177002 25.633774
    DATA '../qsh/qsh_grid.shp'
    METADATA
      'ows_title' 'qsh_grid'
    END
    STATUS OFF
    TRANSPARENCY 100
    PROJECTION
    'proj=longlat'
    'datum=WGS84'
    'no_defs'
    END
    CLASS
       NAME 'qsh_grid' 
       STYLE
         WIDTH 0.91 
         OUTLINECOLOR 0 0 0
         COLOR 214 205 104
       END
    END
  END

  LAYER
    NAME 'join_point'
    TYPE POINT
    DUMP true
    TEMPLATE fooOnlyForWMSGetFeatureInfo
  EXTENT 103.039079 25.570049 103.177002 25.633774
    DATA '../qsh/join_point.shp'
    METADATA
      'ows_title' 'join_point'
    END
    STATUS OFF
    TRANSPARENCY 100
    PROJECTION
    'proj=longlat'
    'datum=WGS84'
    'no_defs'
    END
    CLASS
       NAME 'join_point' 
       STYLE
         SYMBOL "circle" 
         SIZE 7.0 
         OUTLINECOLOR 0 0 0
         COLOR 84 157 44
       END
    END
  END

  LAYER
    NAME 'river'
    TYPE LINE
    DUMP true
    TEMPLATE fooOnlyForWMSGetFeatureInfo
  EXTENT 103.039079 25.570049 103.177002 25.633774
    DATA '../qsh/river.shp'
    METADATA
      'ows_title' 'river'
    END
    STATUS OFF
    TRANSPARENCY 100
    PROJECTION
    'proj=longlat'
    'datum=WGS84'
    'no_defs'
    END
    CLASS
       NAME 'river' 
       STYLE
         WIDTH 0.91 
         COLOR 85 0 255
       END
    END
  END

END