# Map file created from QGIS project file E:/water-resource/map/donghu.qgs
# Edit this file to customize for your map interface
# (Created with PyQgis MapServer Export plugin)
MAP
  NAME "QGIS-MAP"
  # Map image size
  SIZE 100 100
  UNITS meters

  EXTENT 107.506133 28.930145 116.991807 33.382088
  #SYMBOLSET './symbols/ecom_sym.tab'
  PROJECTION
    'proj=longlat'
    'ellps=WGS84'
    'datum=WGS84'
    'no_defs'
  END

  # Background color for the map canvas -- change as desired
  IMAGECOLOR 255 255 255
  IMAGEQUALITY 95
  IMAGETYPE png

  OUTPUTFORMAT
    NAME png
    DRIVER 'AGG/PNG'
    MIMETYPE 'image/png'
    IMAGEMODE RGBA
    EXTENSION 'png'
  END
  # Legend
  LEGEND
      IMAGECOLOR 255 255 255
    STATUS ON
    KEYSIZE 18 12
    LABEL
      TYPE BITMAP
      SIZE MEDIUM
      COLOR 0 0 89
    END
  END

  # Web interface definition. Only the template parameter
  # is required to display a map. See MapServer documentation
  WEB
    # Set IMAGEPATH to the path where MapServer should
    # write its output.
    IMAGEPATH '/tmp/'

    # Set IMAGEURL to the url that points to IMAGEPATH
    # as defined in your web server configuration
    IMAGEURL '/tmp/'

    # WMS server settings
    METADATA
      'ows_title'           'QGIS-MAP'
      'ows_onlineresource'  'http://localhost:8080/cgi-bin/mapserv.exe?map=E:/water-resource/map/dh84.map'
      'ows_srs'             'EPSG:4326'
    END

    #Scale range at which web interface will operate
    # Template and header/footer settings
    # Only the template parameter is required to display a map. See MapServer documentation
    TEMPLATE 'fooOnlyForWMSGetFeatureInfo'
  END

   LAYER
    NAME '大型水域'
    TYPE POLYGON
    DUMP true
    TEMPLATE fooOnlyForWMSGetFeatureInfo
  EXTENT 114.343 30.5042 114.457 30.5897
    DATA 'D:/open-source/data/grid/donghu_wgs843.shp'
    METADATA
      'ows_title' '大型水域'
    END
    STATUS ON
    TRANSPARENCY 80
    PROJECTION
    'proj=longlat'
    'ellps=WGS84'
    'datum=WGS84'
    'no_defs'
    END
    CLASS
       NAME 'donghu_84' 
       STYLE
         WIDTH 0.91 
         OUTLINECOLOR 0 0 0
         COLOR 218 71 204
       END
    END
  END

END